// Jest Snapshot v1, https://goo.gl/fbAQLP

exports[`should render Header correctly 1`] = `
<div
  className="headerContainer"
>
  <withRouter(Connect(Toolbar))
    handleOnclick={[Function]}
  />
  <SlideDrawer
    onShow={false}
  />
</div>
`;
